// Jest Snapshot v1, https://goo.gl/fbAQLP

exports[`should render ExpenseList with empty message 1`] = `
<div>
  <p>
     No expenses 
  </p>
</div>
`;

exports[`should render ExpenseList with expenses 1`] = `
<div>
  <Connect(ExpenseListItem)
    amount={100}
    createdAt={-345600000}
    description="Rent Bill"
    id="1"
    key="1"
    note=""
  />
  <Connect(ExpenseListItem)
    amount={11000}
    createdAt={345600000}
    description="Water Bill"
    id="2"
    key="2"
    note=""
  />
  <Connect(ExpenseListItem)
    amount={10000}
    createdAt={0}
    description="Electricity Bill"
    id="3"
    key="3"
    note=""
  />
</div>
`;
